[2026-03-15T18:23:32.712+0000] {taskinstance.py:1979} INFO - Dependencies all met for dep_context=non-requeueable deps ti=<TaskInstance: danang_flood_forecasting_etl.crawl_daily_data manual__2026-03-15T18:23:30.909924+00:00 [queued]>
[2026-03-15T18:23:32.719+0000] {taskinstance.py:1979} INFO - Dependencies all met for dep_context=requeueable deps ti=<TaskInstance: danang_flood_forecasting_etl.crawl_daily_data manual__2026-03-15T18:23:30.909924+00:00 [queued]>
[2026-03-15T18:23:32.719+0000] {taskinstance.py:2193} INFO - Starting attempt 1 of 2
[2026-03-15T18:23:32.730+0000] {taskinstance.py:2214} INFO - Executing <Task(BashOperator): crawl_daily_data> on 2026-03-15 18:23:30.909924+00:00
[2026-03-15T18:23:32.736+0000] {standard_task_runner.py:60} INFO - Started process 236 to run task
[2026-03-15T18:23:32.740+0000] {standard_task_runner.py:87} INFO - Running: ['***', 'tasks', 'run', 'danang_flood_forecasting_etl', 'crawl_daily_data', 'manual__2026-03-15T18:23:30.909924+00:00', '--job-id', '24', '--raw', '--subdir', 'DAGS_FOLDER/weather_flood_pipeline.py', '--cfg-path', '/tmp/tmp7ugrl69w']
[2026-03-15T18:23:32.743+0000] {standard_task_runner.py:88} INFO - Job 24: Subtask crawl_daily_data
[2026-03-15T18:23:32.794+0000] {task_command.py:423} INFO - Running <TaskInstance: danang_flood_forecasting_etl.crawl_daily_data manual__2026-03-15T18:23:30.909924+00:00 [running]> on host e3dbd6fc1857
[2026-03-15T18:23:32.857+0000] {taskinstance.py:2510} INFO - Exporting env vars: AIRFLOW_CTX_DAG_OWNER='anh_duy' AIRFLOW_CTX_DAG_ID='danang_flood_forecasting_etl' AIRFLOW_CTX_TASK_ID='crawl_daily_data' AIRFLOW_CTX_EXECUTION_DATE='2026-03-15T18:23:30.909924+00:00' AIRFLOW_CTX_TRY_NUMBER='1' AIRFLOW_CTX_DAG_RUN_ID='manual__2026-03-15T18:23:30.909924+00:00'
[2026-03-15T18:23:32.859+0000] {subprocess.py:63} INFO - Tmp dir root location: /tmp
[2026-03-15T18:23:32.860+0000] {subprocess.py:75} INFO - Running command: ['/usr/bin/bash', '-c', 'python /opt/***/scripts/crawl.py 2026-03-15 ']
[2026-03-15T18:23:32.871+0000] {subprocess.py:86} INFO - Output:
[2026-03-15T18:23:39.919+0000] {subprocess.py:93} INFO - INFO:FloodLocalMaster:🔐 GEE initialized via JSON Key file (Professional Setup)
[2026-03-15T18:23:39.926+0000] {subprocess.py:93} INFO - INFO:FloodLocalMaster:🏛️ Đang chuẩn bị dữ liệu Static...
[2026-03-15T18:23:39.938+0000] {subprocess.py:93} INFO - INFO:FloodLocalMaster:📅 --- PROCESSING: 2026-03-15 ---
[2026-03-15T18:23:40.019+0000] {subprocess.py:93} INFO - /home/***/.local/lib/python3.11/site-packages/geemap/common.py:12434: FutureWarning: 'BaseImage' is deprecated and will be removed in a future release.  Please use the 'ee.Image.gd' accessor instead.
[2026-03-15T18:23:40.020+0000] {subprocess.py:93} INFO -   img = gd.download.BaseImage(image)
[2026-03-15T18:23:40.352+0000] {subprocess.py:93} INFO - ERROR:FloodLocalMaster:❌ Error Rain_2026-03-15: Image.updateMask: If one image has no bands, the other must also have no bands. Got 0 and 1.
[2026-03-15T18:23:45.472+0000] {subprocess.py:93} INFO - INFO - 2026-03-15T18:23:45Z - Selected dataset version: "202311"
[2026-03-15T18:23:45.472+0000] {subprocess.py:93} INFO - INFO:copernicusmarine:Selected dataset version: "202311"
[2026-03-15T18:23:45.473+0000] {subprocess.py:93} INFO - INFO - 2026-03-15T18:23:45Z - Selected dataset part: "default"
[2026-03-15T18:23:45.473+0000] {subprocess.py:93} INFO - INFO:copernicusmarine:Selected dataset part: "default"
[2026-03-15T18:23:45.473+0000] {subprocess.py:93} INFO - ERROR:FloodLocalMaster:⚓ Tide Fail at 2026-03-15: Some of your subset selection [2026-03-15 00:00:00+00:00, 2026-03-15 00:00:00+00:00] for the time dimension exceed the dataset coordinates [1993-01-01 00:00:00+00:00, 2026-02-24 00:00:00+00:00]
[2026-03-15T18:23:45.790+0000] {subprocess.py:93} INFO - INFO:FloodLocalMaster:✨ HOÀN THÀNH: Dữ liệu đã sẵn sàng!
[2026-03-15T18:23:46.474+0000] {subprocess.py:97} INFO - Command exited with return code 0
[2026-03-15T18:23:46.518+0000] {taskinstance.py:1149} INFO - Marking task as SUCCESS. dag_id=danang_flood_forecasting_etl, task_id=crawl_daily_data, execution_date=20260315T182330, start_date=20260315T182332, end_date=20260315T182346
[2026-03-15T18:23:46.545+0000] {local_task_job_runner.py:234} INFO - Task exited with return code 0
[2026-03-15T18:23:46.562+0000] {taskinstance.py:3309} INFO - 1 downstream tasks scheduled from follow-on schedule check
