[2026-03-15T17:40:41.262+0000] {taskinstance.py:1979} INFO - Dependencies all met for dep_context=non-requeueable deps ti=<TaskInstance: danang_flood_forecasting_etl.crawl_daily_data manual__2026-03-15T17:40:38.746520+00:00 [queued]>
[2026-03-15T17:40:41.267+0000] {taskinstance.py:1979} INFO - Dependencies all met for dep_context=requeueable deps ti=<TaskInstance: danang_flood_forecasting_etl.crawl_daily_data manual__2026-03-15T17:40:38.746520+00:00 [queued]>
[2026-03-15T17:40:41.268+0000] {taskinstance.py:2193} INFO - Starting attempt 1 of 2
[2026-03-15T17:40:41.277+0000] {taskinstance.py:2214} INFO - Executing <Task(BashOperator): crawl_daily_data> on 2026-03-15 17:40:38.746520+00:00
[2026-03-15T17:40:41.283+0000] {standard_task_runner.py:60} INFO - Started process 82 to run task
[2026-03-15T17:40:41.285+0000] {standard_task_runner.py:87} INFO - Running: ['***', 'tasks', 'run', 'danang_flood_forecasting_etl', 'crawl_daily_data', 'manual__2026-03-15T17:40:38.746520+00:00', '--job-id', '9', '--raw', '--subdir', 'DAGS_FOLDER/weather_flood_pipeline.py', '--cfg-path', '/tmp/tmp_5vyh1io']
[2026-03-15T17:40:41.288+0000] {standard_task_runner.py:88} INFO - Job 9: Subtask crawl_daily_data
[2026-03-15T17:40:41.357+0000] {task_command.py:423} INFO - Running <TaskInstance: danang_flood_forecasting_etl.crawl_daily_data manual__2026-03-15T17:40:38.746520+00:00 [running]> on host 5af6f2b0c6ed
[2026-03-15T17:40:41.473+0000] {taskinstance.py:2510} INFO - Exporting env vars: AIRFLOW_CTX_DAG_OWNER='anh_duy' AIRFLOW_CTX_DAG_ID='danang_flood_forecasting_etl' AIRFLOW_CTX_TASK_ID='crawl_daily_data' AIRFLOW_CTX_EXECUTION_DATE='2026-03-15T17:40:38.746520+00:00' AIRFLOW_CTX_TRY_NUMBER='1' AIRFLOW_CTX_DAG_RUN_ID='manual__2026-03-15T17:40:38.746520+00:00'
[2026-03-15T17:40:41.479+0000] {subprocess.py:63} INFO - Tmp dir root location: /tmp
[2026-03-15T17:40:41.483+0000] {subprocess.py:75} INFO - Running command: ['/usr/bin/bash', '-c', 'python /opt/***/scripts/crawl.py 2026-03-15 ']
[2026-03-15T17:40:41.507+0000] {subprocess.py:86} INFO - Output:
[2026-03-15T17:40:45.105+0000] {subprocess.py:93} INFO - ERROR:FloodLocalMaster:❌ GEE Auth Failed: ('Could not deserialize key data. The data may be in an incorrect format, it may be encrypted with an unsupported algorithm, or it may be an unsupported key type (e.g. EC curves with explicit parameters).', [<OpenSSLError(code=503841036, lib=60, reason=524556, reason_text=unsupported)>])
[2026-03-15T17:40:45.465+0000] {subprocess.py:97} INFO - Command exited with return code 1
[2026-03-15T17:40:45.474+0000] {taskinstance.py:2728} ERROR - Task failed with exception
Traceback (most recent call last):
  File "/home/airflow/.local/lib/python3.11/site-packages/airflow/models/taskinstance.py", line 444, in _execute_task
    result = _execute_callable(context=context, **execute_callable_kwargs)
             ^^^^^^^^^^^^^^^^^^^^^^^^^^^^^^^^^^^^^^^^^^^^^^^^^^^^^^^^^^^^^
  File "/home/airflow/.local/lib/python3.11/site-packages/airflow/models/taskinstance.py", line 414, in _execute_callable
    return execute_callable(context=context, **execute_callable_kwargs)
           ^^^^^^^^^^^^^^^^^^^^^^^^^^^^^^^^^^^^^^^^^^^^^^^^^^^^^^^^^^^^
  File "/home/airflow/.local/lib/python3.11/site-packages/airflow/operators/bash.py", line 212, in execute
    raise AirflowException(
airflow.exceptions.AirflowException: Bash command failed. The command returned a non-zero exit code 1.
[2026-03-15T17:40:45.479+0000] {taskinstance.py:1149} INFO - Marking task as UP_FOR_RETRY. dag_id=danang_flood_forecasting_etl, task_id=crawl_daily_data, execution_date=20260315T174038, start_date=20260315T174041, end_date=20260315T174045
[2026-03-15T17:40:45.490+0000] {standard_task_runner.py:107} ERROR - Failed to execute job 9 for task crawl_daily_data (Bash command failed. The command returned a non-zero exit code 1.; 82)
[2026-03-15T17:40:45.516+0000] {local_task_job_runner.py:234} INFO - Task exited with return code 1
[2026-03-15T17:40:45.531+0000] {taskinstance.py:3309} INFO - 0 downstream tasks scheduled from follow-on schedule check
