[2026-03-15T17:33:34.216+0000] {taskinstance.py:1979} INFO - Dependencies all met for dep_context=non-requeueable deps ti=<TaskInstance: danang_flood_forecasting_etl.crawl_daily_data manual__2026-03-15T17:32:06.225583+00:00 [queued]>
[2026-03-15T17:33:34.221+0000] {taskinstance.py:1979} INFO - Dependencies all met for dep_context=requeueable deps ti=<TaskInstance: danang_flood_forecasting_etl.crawl_daily_data manual__2026-03-15T17:32:06.225583+00:00 [queued]>
[2026-03-15T17:33:34.221+0000] {taskinstance.py:2193} INFO - Starting attempt 2 of 2
[2026-03-15T17:33:34.233+0000] {taskinstance.py:2214} INFO - Executing <Task(BashOperator): crawl_daily_data> on 2026-03-15 17:32:06.225583+00:00
[2026-03-15T17:33:34.237+0000] {standard_task_runner.py:60} INFO - Started process 213 to run task
[2026-03-15T17:33:34.241+0000] {standard_task_runner.py:87} INFO - Running: ['***', 'tasks', 'run', 'danang_flood_forecasting_etl', 'crawl_daily_data', 'manual__2026-03-15T17:32:06.225583+00:00', '--job-id', '6', '--raw', '--subdir', 'DAGS_FOLDER/weather_flood_pipeline.py', '--cfg-path', '/tmp/tmpc7ap2meo']
[2026-03-15T17:33:34.250+0000] {standard_task_runner.py:88} INFO - Job 6: Subtask crawl_daily_data
[2026-03-15T17:33:34.306+0000] {task_command.py:423} INFO - Running <TaskInstance: danang_flood_forecasting_etl.crawl_daily_data manual__2026-03-15T17:32:06.225583+00:00 [running]> on host a83a112a5472
[2026-03-15T17:33:34.360+0000] {taskinstance.py:2510} INFO - Exporting env vars: AIRFLOW_CTX_DAG_OWNER='anh_duy' AIRFLOW_CTX_DAG_ID='danang_flood_forecasting_etl' AIRFLOW_CTX_TASK_ID='crawl_daily_data' AIRFLOW_CTX_EXECUTION_DATE='2026-03-15T17:32:06.225583+00:00' AIRFLOW_CTX_TRY_NUMBER='2' AIRFLOW_CTX_DAG_RUN_ID='manual__2026-03-15T17:32:06.225583+00:00'
[2026-03-15T17:33:34.362+0000] {subprocess.py:63} INFO - Tmp dir root location: /tmp
[2026-03-15T17:33:34.362+0000] {subprocess.py:75} INFO - Running command: ['/usr/bin/bash', '-c', 'python /opt/***/scripts/crawl.py 2026-03-15 ']
[2026-03-15T17:33:34.370+0000] {subprocess.py:86} INFO - Output:
[2026-03-15T17:33:37.429+0000] {subprocess.py:93} INFO - WARNING:google.auth.compute_engine._metadata:Compute Engine Metadata server unavailable on attempt 1 of 3. Reason: [Errno 111] Connection refused
[2026-03-15T17:33:37.430+0000] {subprocess.py:93} INFO - WARNING:google.auth.compute_engine._metadata:Compute Engine Metadata server unavailable on attempt 2 of 3. Reason: [Errno 111] Connection refused
[2026-03-15T17:33:37.431+0000] {subprocess.py:93} INFO - WARNING:google.auth.compute_engine._metadata:Compute Engine Metadata server unavailable on attempt 3 of 3. Reason: [Errno 111] Connection refused
[2026-03-15T17:33:37.432+0000] {subprocess.py:93} INFO - WARNING:google.auth._default:Authentication failed using Compute Engine authentication due to unavailable metadata server.
[2026-03-15T17:33:37.433+0000] {subprocess.py:93} INFO - ERROR:FloodLocalMaster:❌ GEE Auth Failed: Please authorize access to your Earth Engine account by running
[2026-03-15T17:33:37.434+0000] {subprocess.py:93} INFO - 
[2026-03-15T17:33:37.434+0000] {subprocess.py:93} INFO - earthengine authenticate
[2026-03-15T17:33:37.435+0000] {subprocess.py:93} INFO - 
[2026-03-15T17:33:37.435+0000] {subprocess.py:93} INFO - in your command line, or ee.Authenticate() in Python, and then retry.
[2026-03-15T17:34:27.298+0000] {subprocess.py:97} INFO - Command exited with return code 1
[2026-03-15T17:34:27.311+0000] {taskinstance.py:2728} ERROR - Task failed with exception
Traceback (most recent call last):
  File "/home/airflow/.local/lib/python3.11/site-packages/airflow/models/taskinstance.py", line 444, in _execute_task
    result = _execute_callable(context=context, **execute_callable_kwargs)
             ^^^^^^^^^^^^^^^^^^^^^^^^^^^^^^^^^^^^^^^^^^^^^^^^^^^^^^^^^^^^^
  File "/home/airflow/.local/lib/python3.11/site-packages/airflow/models/taskinstance.py", line 414, in _execute_callable
    return execute_callable(context=context, **execute_callable_kwargs)
           ^^^^^^^^^^^^^^^^^^^^^^^^^^^^^^^^^^^^^^^^^^^^^^^^^^^^^^^^^^^^
  File "/home/airflow/.local/lib/python3.11/site-packages/airflow/operators/bash.py", line 212, in execute
    raise AirflowException(
airflow.exceptions.AirflowException: Bash command failed. The command returned a non-zero exit code 1.
[2026-03-15T17:34:27.316+0000] {taskinstance.py:1149} INFO - Marking task as FAILED. dag_id=danang_flood_forecasting_etl, task_id=crawl_daily_data, execution_date=20260315T173206, start_date=20260315T173334, end_date=20260315T173427
[2026-03-15T17:34:27.331+0000] {standard_task_runner.py:107} ERROR - Failed to execute job 6 for task crawl_daily_data (Bash command failed. The command returned a non-zero exit code 1.; 213)
[2026-03-15T17:34:27.344+0000] {local_task_job_runner.py:234} INFO - Task exited with return code 1
[2026-03-15T17:34:27.377+0000] {taskinstance.py:3309} INFO - 0 downstream tasks scheduled from follow-on schedule check
