[2026-03-15T18:23:44.418+0000] {taskinstance.py:1979} INFO - Dependencies all met for dep_context=non-requeueable deps ti=<TaskInstance: danang_flood_forecasting_etl.preprocess_and_stack_npz manual__2026-03-15T18:23:26.941544+00:00 [queued]>
[2026-03-15T18:23:44.424+0000] {taskinstance.py:1979} INFO - Dependencies all met for dep_context=requeueable deps ti=<TaskInstance: danang_flood_forecasting_etl.preprocess_and_stack_npz manual__2026-03-15T18:23:26.941544+00:00 [queued]>
[2026-03-15T18:23:44.424+0000] {taskinstance.py:2193} INFO - Starting attempt 1 of 2
[2026-03-15T18:23:44.436+0000] {taskinstance.py:2214} INFO - Executing <Task(BashOperator): preprocess_and_stack_npz> on 2026-03-15 18:23:26.941544+00:00
[2026-03-15T18:23:44.442+0000] {standard_task_runner.py:60} INFO - Started process 265 to run task
[2026-03-15T18:23:44.444+0000] {standard_task_runner.py:87} INFO - Running: ['***', 'tasks', 'run', 'danang_flood_forecasting_etl', 'preprocess_and_stack_npz', 'manual__2026-03-15T18:23:26.941544+00:00', '--job-id', '25', '--raw', '--subdir', 'DAGS_FOLDER/weather_flood_pipeline.py', '--cfg-path', '/tmp/tmpj24ev39h']
[2026-03-15T18:23:44.447+0000] {standard_task_runner.py:88} INFO - Job 25: Subtask preprocess_and_stack_npz
[2026-03-15T18:23:44.500+0000] {task_command.py:423} INFO - Running <TaskInstance: danang_flood_forecasting_etl.preprocess_and_stack_npz manual__2026-03-15T18:23:26.941544+00:00 [running]> on host e3dbd6fc1857
[2026-03-15T18:23:44.560+0000] {taskinstance.py:2510} INFO - Exporting env vars: AIRFLOW_CTX_DAG_OWNER='anh_duy' AIRFLOW_CTX_DAG_ID='danang_flood_forecasting_etl' AIRFLOW_CTX_TASK_ID='preprocess_and_stack_npz' AIRFLOW_CTX_EXECUTION_DATE='2026-03-15T18:23:26.941544+00:00' AIRFLOW_CTX_TRY_NUMBER='1' AIRFLOW_CTX_DAG_RUN_ID='manual__2026-03-15T18:23:26.941544+00:00'
[2026-03-15T18:23:44.561+0000] {subprocess.py:63} INFO - Tmp dir root location: /tmp
[2026-03-15T18:23:44.562+0000] {subprocess.py:75} INFO - Running command: ['/usr/bin/bash', '-c', 'python /opt/***/scripts/preprocessing.py 2026-03-15 ']
[2026-03-15T18:23:44.573+0000] {subprocess.py:86} INFO - Output:
[2026-03-15T18:23:45.323+0000] {subprocess.py:93} INFO - INFO:Preprocess_Pipeline:🏛️ Dữ liệu Static đã tồn tại. Bỏ qua xử lý Static.
[2026-03-15T18:23:45.324+0000] {subprocess.py:93} INFO - INFO:Preprocess_Pipeline:🔄 --- ĐANG XỬ LÝ DỮ LIỆU NGÀY: 2026-03-15 ---
[2026-03-15T18:23:45.326+0000] {subprocess.py:93} INFO - INFO:Preprocess_Pipeline:📊 Đang chuẩn hóa features ngày 2026-03-15...
[2026-03-15T18:23:45.328+0000] {subprocess.py:93} INFO - INFO:Preprocess_Pipeline:⏩ Ngày 2026-03-15 không có ảnh SAR. Bỏ qua bước đóng gói NPZ.
[2026-03-15T18:23:45.445+0000] {subprocess.py:97} INFO - Command exited with return code 0
[2026-03-15T18:23:45.466+0000] {taskinstance.py:1149} INFO - Marking task as SUCCESS. dag_id=danang_flood_forecasting_etl, task_id=preprocess_and_stack_npz, execution_date=20260315T182326, start_date=20260315T182344, end_date=20260315T182345
[2026-03-15T18:23:45.513+0000] {local_task_job_runner.py:234} INFO - Task exited with return code 0
[2026-03-15T18:23:45.526+0000] {taskinstance.py:3309} INFO - 0 downstream tasks scheduled from follow-on schedule check
