[2026-03-15T18:13:54.291+0000] {taskinstance.py:1979} INFO - Dependencies all met for dep_context=non-requeueable deps ti=<TaskInstance: danang_flood_forecasting_etl.crawl_daily_data manual__2026-03-15T18:12:26.020371+00:00 [queued]>
[2026-03-15T18:13:54.295+0000] {taskinstance.py:1979} INFO - Dependencies all met for dep_context=requeueable deps ti=<TaskInstance: danang_flood_forecasting_etl.crawl_daily_data manual__2026-03-15T18:12:26.020371+00:00 [queued]>
[2026-03-15T18:13:54.296+0000] {taskinstance.py:2193} INFO - Starting attempt 2 of 2
[2026-03-15T18:13:54.306+0000] {taskinstance.py:2214} INFO - Executing <Task(BashOperator): crawl_daily_data> on 2026-03-15 18:12:26.020371+00:00
[2026-03-15T18:13:54.311+0000] {standard_task_runner.py:60} INFO - Started process 122 to run task
[2026-03-15T18:13:54.314+0000] {standard_task_runner.py:87} INFO - Running: ['***', 'tasks', 'run', 'danang_flood_forecasting_etl', 'crawl_daily_data', 'manual__2026-03-15T18:12:26.020371+00:00', '--job-id', '18', '--raw', '--subdir', 'DAGS_FOLDER/weather_flood_pipeline.py', '--cfg-path', '/tmp/tmp52thugur']
[2026-03-15T18:13:54.316+0000] {standard_task_runner.py:88} INFO - Job 18: Subtask crawl_daily_data
[2026-03-15T18:13:54.371+0000] {task_command.py:423} INFO - Running <TaskInstance: danang_flood_forecasting_etl.crawl_daily_data manual__2026-03-15T18:12:26.020371+00:00 [running]> on host 76c5821ca956
[2026-03-15T18:13:54.433+0000] {taskinstance.py:2510} INFO - Exporting env vars: AIRFLOW_CTX_DAG_OWNER='anh_duy' AIRFLOW_CTX_DAG_ID='danang_flood_forecasting_etl' AIRFLOW_CTX_TASK_ID='crawl_daily_data' AIRFLOW_CTX_EXECUTION_DATE='2026-03-15T18:12:26.020371+00:00' AIRFLOW_CTX_TRY_NUMBER='2' AIRFLOW_CTX_DAG_RUN_ID='manual__2026-03-15T18:12:26.020371+00:00'
[2026-03-15T18:13:54.436+0000] {subprocess.py:63} INFO - Tmp dir root location: /tmp
[2026-03-15T18:13:54.437+0000] {subprocess.py:75} INFO - Running command: ['/usr/bin/bash', '-c', 'python /opt/***/scripts/crawl.py 2026-03-15 ']
[2026-03-15T18:13:54.447+0000] {subprocess.py:86} INFO - Output:
[2026-03-15T18:14:00.030+0000] {subprocess.py:93} INFO - INFO:FloodLocalMaster:🔐 GEE initialized via JSON Key file (Professional Setup)
[2026-03-15T18:14:00.036+0000] {subprocess.py:93} INFO - INFO:FloodLocalMaster:🏛️ Đang chuẩn bị dữ liệu Static...
[2026-03-15T18:14:00.037+0000] {subprocess.py:93} INFO - ERROR:FloodLocalMaster:❌ Error Terrain_DEM_Raw: Please install geedim using `pip install geedim` or `conda install -c conda-forge geedim`
[2026-03-15T18:14:00.037+0000] {subprocess.py:93} INFO - ERROR:FloodLocalMaster:❌ Không thể tải file Static cơ sở. Pipeline dừng lại.
[2026-03-15T18:14:00.411+0000] {subprocess.py:97} INFO - Command exited with return code 1
[2026-03-15T18:14:00.418+0000] {taskinstance.py:2728} ERROR - Task failed with exception
Traceback (most recent call last):
  File "/home/airflow/.local/lib/python3.11/site-packages/airflow/models/taskinstance.py", line 444, in _execute_task
    result = _execute_callable(context=context, **execute_callable_kwargs)
             ^^^^^^^^^^^^^^^^^^^^^^^^^^^^^^^^^^^^^^^^^^^^^^^^^^^^^^^^^^^^^
  File "/home/airflow/.local/lib/python3.11/site-packages/airflow/models/taskinstance.py", line 414, in _execute_callable
    return execute_callable(context=context, **execute_callable_kwargs)
           ^^^^^^^^^^^^^^^^^^^^^^^^^^^^^^^^^^^^^^^^^^^^^^^^^^^^^^^^^^^^
  File "/home/airflow/.local/lib/python3.11/site-packages/airflow/operators/bash.py", line 212, in execute
    raise AirflowException(
airflow.exceptions.AirflowException: Bash command failed. The command returned a non-zero exit code 1.
[2026-03-15T18:14:00.421+0000] {taskinstance.py:1149} INFO - Marking task as FAILED. dag_id=danang_flood_forecasting_etl, task_id=crawl_daily_data, execution_date=20260315T181226, start_date=20260315T181354, end_date=20260315T181400
[2026-03-15T18:14:00.431+0000] {standard_task_runner.py:107} ERROR - Failed to execute job 18 for task crawl_daily_data (Bash command failed. The command returned a non-zero exit code 1.; 122)
[2026-03-15T18:14:00.472+0000] {local_task_job_runner.py:234} INFO - Task exited with return code 1
[2026-03-15T18:14:00.487+0000] {taskinstance.py:3309} INFO - 0 downstream tasks scheduled from follow-on schedule check
