[2026-03-15T18:23:28.306+0000] {taskinstance.py:1979} INFO - Dependencies all met for dep_context=non-requeueable deps ti=<TaskInstance: danang_flood_forecasting_etl.crawl_daily_data manual__2026-03-15T18:23:26.941544+00:00 [queued]>
[2026-03-15T18:23:28.311+0000] {taskinstance.py:1979} INFO - Dependencies all met for dep_context=requeueable deps ti=<TaskInstance: danang_flood_forecasting_etl.crawl_daily_data manual__2026-03-15T18:23:26.941544+00:00 [queued]>
[2026-03-15T18:23:28.312+0000] {taskinstance.py:2193} INFO - Starting attempt 1 of 2
[2026-03-15T18:23:28.322+0000] {taskinstance.py:2214} INFO - Executing <Task(BashOperator): crawl_daily_data> on 2026-03-15 18:23:26.941544+00:00
[2026-03-15T18:23:28.328+0000] {standard_task_runner.py:60} INFO - Started process 215 to run task
[2026-03-15T18:23:28.330+0000] {standard_task_runner.py:87} INFO - Running: ['***', 'tasks', 'run', 'danang_flood_forecasting_etl', 'crawl_daily_data', 'manual__2026-03-15T18:23:26.941544+00:00', '--job-id', '23', '--raw', '--subdir', 'DAGS_FOLDER/weather_flood_pipeline.py', '--cfg-path', '/tmp/tmp6wsnlm2w']
[2026-03-15T18:23:28.333+0000] {standard_task_runner.py:88} INFO - Job 23: Subtask crawl_daily_data
[2026-03-15T18:23:28.375+0000] {task_command.py:423} INFO - Running <TaskInstance: danang_flood_forecasting_etl.crawl_daily_data manual__2026-03-15T18:23:26.941544+00:00 [running]> on host e3dbd6fc1857
[2026-03-15T18:23:28.430+0000] {taskinstance.py:2510} INFO - Exporting env vars: AIRFLOW_CTX_DAG_OWNER='anh_duy' AIRFLOW_CTX_DAG_ID='danang_flood_forecasting_etl' AIRFLOW_CTX_TASK_ID='crawl_daily_data' AIRFLOW_CTX_EXECUTION_DATE='2026-03-15T18:23:26.941544+00:00' AIRFLOW_CTX_TRY_NUMBER='1' AIRFLOW_CTX_DAG_RUN_ID='manual__2026-03-15T18:23:26.941544+00:00'
[2026-03-15T18:23:28.431+0000] {subprocess.py:63} INFO - Tmp dir root location: /tmp
[2026-03-15T18:23:28.432+0000] {subprocess.py:75} INFO - Running command: ['/usr/bin/bash', '-c', 'python /opt/***/scripts/crawl.py 2026-03-15 ']
[2026-03-15T18:23:28.441+0000] {subprocess.py:86} INFO - Output:
[2026-03-15T18:23:36.076+0000] {subprocess.py:93} INFO - INFO:FloodLocalMaster:🔐 GEE initialized via JSON Key file (Professional Setup)
[2026-03-15T18:23:36.086+0000] {subprocess.py:93} INFO - INFO:FloodLocalMaster:🏛️ Đang chuẩn bị dữ liệu Static...
[2026-03-15T18:23:36.122+0000] {subprocess.py:93} INFO - INFO:FloodLocalMaster:📅 --- PROCESSING: 2026-03-15 ---
[2026-03-15T18:23:36.251+0000] {subprocess.py:93} INFO - /home/***/.local/lib/python3.11/site-packages/geemap/common.py:12434: FutureWarning: 'BaseImage' is deprecated and will be removed in a future release.  Please use the 'ee.Image.gd' accessor instead.
[2026-03-15T18:23:36.253+0000] {subprocess.py:93} INFO -   img = gd.download.BaseImage(image)
[2026-03-15T18:23:36.603+0000] {subprocess.py:93} INFO - ERROR:FloodLocalMaster:❌ Error Rain_2026-03-15: Image.updateMask: If one image has no bands, the other must also have no bands. Got 0 and 1.
[2026-03-15T18:23:41.701+0000] {subprocess.py:93} INFO - INFO - 2026-03-15T18:23:41Z - Selected dataset version: "202311"
[2026-03-15T18:23:41.702+0000] {subprocess.py:93} INFO - INFO:copernicusmarine:Selected dataset version: "202311"
[2026-03-15T18:23:41.702+0000] {subprocess.py:93} INFO - INFO - 2026-03-15T18:23:41Z - Selected dataset part: "default"
[2026-03-15T18:23:41.703+0000] {subprocess.py:93} INFO - INFO:copernicusmarine:Selected dataset part: "default"
[2026-03-15T18:23:41.703+0000] {subprocess.py:93} INFO - ERROR:FloodLocalMaster:⚓ Tide Fail at 2026-03-15: Some of your subset selection [2026-03-15 00:00:00+00:00, 2026-03-15 00:00:00+00:00] for the time dimension exceed the dataset coordinates [1993-01-01 00:00:00+00:00, 2026-02-24 00:00:00+00:00]
[2026-03-15T18:23:42.018+0000] {subprocess.py:93} INFO - INFO:FloodLocalMaster:✨ HOÀN THÀNH: Dữ liệu đã sẵn sàng!
[2026-03-15T18:23:42.559+0000] {subprocess.py:97} INFO - Command exited with return code 0
[2026-03-15T18:23:42.578+0000] {taskinstance.py:1149} INFO - Marking task as SUCCESS. dag_id=danang_flood_forecasting_etl, task_id=crawl_daily_data, execution_date=20260315T182326, start_date=20260315T182328, end_date=20260315T182342
[2026-03-15T18:23:42.602+0000] {local_task_job_runner.py:234} INFO - Task exited with return code 0
[2026-03-15T18:23:42.615+0000] {taskinstance.py:3309} INFO - 1 downstream tasks scheduled from follow-on schedule check
